// Vitest Snapshot v1

exports[`updates the page's url and its children's urls 1`] = `
[
  [
    "UPDATE frontend.page SET \\"url\\" = REPLACE(\\"url\\", ",
    " || '/', ",
    " || '/'), \\"last_update\\" = Now() WHERE \\"url\\" LIKE ",
    " || '/%';",
  ],
  "/old-name",
  "/new-name",
  "/old-name",
]
`;
